  Determining projects to restore...
  All projects are up-to-date for restore.
  MovieApp.DataLayer -> C:\Users\waytoounoriginal\source\repos\UBB-SE-2026-927-1\src\MovieApp\MovieApp.DataLayer\bin\Debug\net8.0\MovieApp.DataLayer.dll
  MovieApp.Logic -> C:\Users\waytoounoriginal\source\repos\UBB-SE-2026-927-1\src\MovieApp\MovieApp.Logic\bin\Debug\net8.0\MovieApp.Logic.dll
C:\Users\waytoounoriginal\source\repos\UBB-SE-2026-927-1\src\MovieApp\MovieApp.WebApi\Endpoints\ActiveSalesEndpointsController.cs(26,31): error CS1061: 'ActiveSalesRepository' does not contain a definition for 'GetBestDiscountPercentByMovieId' and no accessible extension method 'GetBestDiscountPercentByMovieId' accepting a first argument of type 'ActiveSalesRepository' could be found (are you missing a using directive or an assembly reference?) [C:\Users\waytoounoriginal\source\repos\UBB-SE-2026-927-1\src\MovieApp\MovieApp.WebApi\MovieApp.WebApi.csproj]
C:\Users\waytoounoriginal\source\repos\UBB-SE-2026-927-1\src\MovieApp\MovieApp.WebApi\Endpoints\InventoryEndpointsController.cs(20,31): error CS1061: 'InventoryRepository' does not contain a definition for 'GetOwnedMovies' and no accessible extension method 'GetOwnedMovies' accepting a first argument of type 'InventoryRepository' could be found (are you missing a using directive or an assembly reference?) [C:\Users\waytoounoriginal\source\repos\UBB-SE-2026-927-1\src\MovieApp\MovieApp.WebApi\MovieApp.WebApi.csproj]
C:\Users\waytoounoriginal\source\repos\UBB-SE-2026-927-1\src\MovieApp\MovieApp.WebApi\Endpoints\EventEndpointsController.cs(20,31): error CS1061: 'EventRepository' does not contain a definition for 'GetAllEvents' and no accessible extension method 'GetAllEvents' accepting a first argument of type 'EventRepository' could be found (are you missing a using directive or an assembly reference?) [C:\Users\waytoounoriginal\source\repos\UBB-SE-2026-927-1\src\MovieApp\MovieApp.WebApi\MovieApp.WebApi.csproj]
C:\Users\waytoounoriginal\source\repos\UBB-SE-2026-927-1\src\MovieApp\MovieApp.WebApi\Endpoints\InventoryEndpointsController.cs(26,21): error CS1061: 'InventoryRepository' does not contain a definition for 'RemoveOwnedMovie' and no accessible extension method 'RemoveOwnedMovie' accepting a first argument of type 'InventoryRepository' could be found (are you missing a using directive or an assembly reference?) [C:\Users\waytoounoriginal\source\repos\UBB-SE-2026-927-1\src\MovieApp\MovieApp.WebApi\MovieApp.WebApi.csproj]
C:\Users\waytoounoriginal\source\repos\UBB-SE-2026-927-1\src\MovieApp\MovieApp.WebApi\Endpoints\EventEndpointsController.cs(26,31): error CS1061: 'EventRepository' does not contain a definition for 'GetEventById' and no accessible extension method 'GetEventById' accepting a first argument of type 'EventRepository' could be found (are you missing a using directive or an assembly reference?) [C:\Users\waytoounoriginal\source\repos\UBB-SE-2026-927-1\src\MovieApp\MovieApp.WebApi\MovieApp.WebApi.csproj]
C:\Users\waytoounoriginal\source\repos\UBB-SE-2026-927-1\src\MovieApp\MovieApp.WebApi\Endpoints\EventEndpointsController.cs(32,31): error CS1061: 'EventRepository' does not contain a definition for 'GetEventsForMovie' and no accessible extension method 'GetEventsForMovie' accepting a first argument of type 'EventRepository' could be found (are you missing a using directive or an assembly reference?) [C:\Users\waytoounoriginal\source\repos\UBB-SE-2026-927-1\src\MovieApp\MovieApp.WebApi\MovieApp.WebApi.csproj]
C:\Users\waytoounoriginal\source\repos\UBB-SE-2026-927-1\src\MovieApp\MovieApp.WebApi\Endpoints\InventoryEndpointsController.cs(33,31): error CS1061: 'InventoryRepository' does not contain a definition for 'GetOwnedTickets' and no accessible extension method 'GetOwnedTickets' accepting a first argument of type 'InventoryRepository' could be found (are you missing a using directive or an assembly reference?) [C:\Users\waytoounoriginal\source\repos\UBB-SE-2026-927-1\src\MovieApp\MovieApp.WebApi\MovieApp.WebApi.csproj]
C:\Users\waytoounoriginal\source\repos\UBB-SE-2026-927-1\src\MovieApp\MovieApp.WebApi\Endpoints\InventoryEndpointsController.cs(39,21): error CS1061: 'InventoryRepository' does not contain a definition for 'RemoveOwnedTicket' and no accessible extension method 'RemoveOwnedTicket' accepting a first argument of type 'InventoryRepository' could be found (are you missing a using directive or an assembly reference?) [C:\Users\waytoounoriginal\source\repos\UBB-SE-2026-927-1\src\MovieApp\MovieApp.WebApi\MovieApp.WebApi.csproj]
C:\Users\waytoounoriginal\source\repos\UBB-SE-2026-927-1\src\MovieApp\MovieApp.WebApi\Endpoints\ProfileEndpointsController.cs(27,37): error CS1061: 'ProfileRepository' does not contain a definition for 'BuildProfileFromInteractionsAsync' and no accessible extension method 'BuildProfileFromInteractionsAsync' accepting a first argument of type 'ProfileRepository' could be found (are you missing a using directive or an assembly reference?) [C:\Users\waytoounoriginal\source\repos\UBB-SE-2026-927-1\src\MovieApp\MovieApp.WebApi\MovieApp.WebApi.csproj]
C:\Users\waytoounoriginal\source\repos\UBB-SE-2026-927-1\src\MovieApp\MovieApp.WebApi\Endpoints\InventoryEndpointsController.cs(46,31): error CS1061: 'InventoryRepository' does not contain a definition for 'GetOwnedEquipment' and no accessible extension method 'GetOwnedEquipment' accepting a first argument of type 'InventoryRepository' could be found (are you missing a using directive or an assembly reference?) [C:\Users\waytoounoriginal\source\repos\UBB-SE-2026-927-1\src\MovieApp\MovieApp.WebApi\MovieApp.WebApi.csproj]
C:\Users\waytoounoriginal\source\repos\UBB-SE-2026-927-1\src\MovieApp\MovieApp.WebApi\Endpoints\ProfileEndpointsController.cs(33,27): error CS1061: 'ProfileRepository' does not contain a definition for 'UpsertProfileAsync' and no accessible extension method 'UpsertProfileAsync' accepting a first argument of type 'ProfileRepository' could be found (are you missing a using directive or an assembly reference?) [C:\Users\waytoounoriginal\source\repos\UBB-SE-2026-927-1\src\MovieApp\MovieApp.WebApi\MovieApp.WebApi.csproj]
C:\Users\waytoounoriginal\source\repos\UBB-SE-2026-927-1\src\MovieApp\MovieApp.WebApi\Endpoints\EventEndpointsController.cs(40,25): error CS1061: 'EventRepository' does not contain a definition for 'PurchaseTicket' and no accessible extension method 'PurchaseTicket' accepting a first argument of type 'EventRepository' could be found (are you missing a using directive or an assembly reference?) [C:\Users\waytoounoriginal\source\repos\UBB-SE-2026-927-1\src\MovieApp\MovieApp.WebApi\MovieApp.WebApi.csproj]
C:\Users\waytoounoriginal\source\repos\UBB-SE-2026-927-1\src\MovieApp\MovieApp.WebApi\Endpoints\ReviewEndpointsController.cs(20,31): error CS1061: 'ReviewRepository' does not contain a definition for 'GetReviewsForMovie' and no accessible extension method 'GetReviewsForMovie' accepting a first argument of type 'ReviewRepository' could be found (are you missing a using directive or an assembly reference?) [C:\Users\waytoounoriginal\source\repos\UBB-SE-2026-927-1\src\MovieApp\MovieApp.WebApi\MovieApp.WebApi.csproj]
C:\Users\waytoounoriginal\source\repos\UBB-SE-2026-927-1\src\MovieApp\MovieApp.WebApi\Endpoints\ReviewEndpointsController.cs(28,25): error CS1061: 'ReviewRepository' does not contain a definition for 'AddReview' and no accessible extension method 'AddReview' accepting a first argument of type 'ReviewRepository' could be found (are you missing a using directive or an assembly reference?) [C:\Users\waytoounoriginal\source\repos\UBB-SE-2026-927-1\src\MovieApp\MovieApp.WebApi\MovieApp.WebApi.csproj]
C:\Users\waytoounoriginal\source\repos\UBB-SE-2026-927-1\src\MovieApp\MovieApp.WebApi\Endpoints\EquipmentEndpointsController.cs(29,25): error CS1061: 'EquipmentRepository' does not contain a definition for 'ListItem' and no accessible extension method 'ListItem' accepting a first argument of type 'EquipmentRepository' could be found (are you missing a using directive or an assembly reference?) [C:\Users\waytoounoriginal\source\repos\UBB-SE-2026-927-1\src\MovieApp\MovieApp.WebApi\MovieApp.WebApi.csproj]
C:\Users\waytoounoriginal\source\repos\UBB-SE-2026-927-1\src\MovieApp\MovieApp.WebApi\Endpoints\ReviewEndpointsController.cs(40,31): error CS1061: 'ReviewRepository' does not contain a definition for 'GetReviewCount' and no accessible extension method 'GetReviewCount' accepting a first argument of type 'ReviewRepository' could be found (are you missing a using directive or an assembly reference?) [C:\Users\waytoounoriginal\source\repos\UBB-SE-2026-927-1\src\MovieApp\MovieApp.WebApi\MovieApp.WebApi.csproj]
C:\Users\waytoounoriginal\source\repos\UBB-SE-2026-927-1\src\MovieApp\MovieApp.WebApi\Endpoints\MovieEndpointsController.cs(20,31): error CS1061: 'MovieRepository' does not contain a definition for 'GetAllMovies' and no accessible extension method 'GetAllMovies' accepting a first argument of type 'MovieRepository' could be found (are you missing a using directive or an assembly reference?) [C:\Users\waytoounoriginal\source\repos\UBB-SE-2026-927-1\src\MovieApp\MovieApp.WebApi\MovieApp.WebApi.csproj]
C:\Users\waytoounoriginal\source\repos\UBB-SE-2026-927-1\src\MovieApp\MovieApp.WebApi\Endpoints\ReviewEndpointsController.cs(46,31): error CS1061: 'ReviewRepository' does not contain a definition for 'GetReviewCounts' and no accessible extension method 'GetReviewCounts' accepting a first argument of type 'ReviewRepository' could be found (are you missing a using directive or an assembly reference?) [C:\Users\waytoounoriginal\source\repos\UBB-SE-2026-927-1\src\MovieApp\MovieApp.WebApi\MovieApp.WebApi.csproj]
C:\Users\waytoounoriginal\source\repos\UBB-SE-2026-927-1\src\MovieApp\MovieApp.WebApi\Endpoints\EquipmentEndpointsController.cs(43,25): error CS1061: 'EquipmentRepository' does not contain a definition for 'PurchaseEquipment' and no accessible extension method 'PurchaseEquipment' accepting a first argument of type 'EquipmentRepository' could be found (are you missing a using directive or an assembly reference?) [C:\Users\waytoounoriginal\source\repos\UBB-SE-2026-927-1\src\MovieApp\MovieApp.WebApi\MovieApp.WebApi.csproj]
C:\Users\waytoounoriginal\source\repos\UBB-SE-2026-927-1\src\MovieApp\MovieApp.WebApi\Endpoints\MovieEndpointsController.cs(26,31): error CS1061: 'MovieRepository' does not contain a definition for 'GetMovieById' and no accessible extension method 'GetMovieById' accepting a first argument of type 'MovieRepository' could be found (are you missing a using directive or an assembly reference?) [C:\Users\waytoounoriginal\source\repos\UBB-SE-2026-927-1\src\MovieApp\MovieApp.WebApi\MovieApp.WebApi.csproj]
C:\Users\waytoounoriginal\source\repos\UBB-SE-2026-927-1\src\MovieApp\MovieApp.WebApi\Endpoints\ReviewEndpointsController.cs(52,31): error CS1061: 'ReviewRepository' does not contain a definition for 'GetStarRatingBuckets' and no accessible extension method 'GetStarRatingBuckets' accepting a first argument of type 'ReviewRepository' could be found (are you missing a using directive or an assembly reference?) [C:\Users\waytoounoriginal\source\repos\UBB-SE-2026-927-1\src\MovieApp\MovieApp.WebApi\MovieApp.WebApi.csproj]
C:\Users\waytoounoriginal\source\repos\UBB-SE-2026-927-1\src\MovieApp\MovieApp.WebApi\Endpoints\MovieEndpointsController.cs(32,37): error CS1061: 'MovieRepository' does not contain a definition for 'SearchTop10MoviesAsync' and no accessible extension method 'SearchTop10MoviesAsync' accepting a first argument of type 'MovieRepository' could be found (are you missing a using directive or an assembly reference?) [C:\Users\waytoounoriginal\source\repos\UBB-SE-2026-927-1\src\MovieApp\MovieApp.WebApi\MovieApp.WebApi.csproj]
C:\Users\waytoounoriginal\source\repos\UBB-SE-2026-927-1\src\MovieApp\MovieApp.WebApi\Endpoints\MovieEndpointsController.cs(38,31): error CS1061: 'MovieRepository' does not contain a definition for 'UserOwnsMovie' and no accessible extension method 'UserOwnsMovie' accepting a first argument of type 'MovieRepository' could be found (are you missing a using directive or an assembly reference?) [C:\Users\waytoounoriginal\source\repos\UBB-SE-2026-927-1\src\MovieApp\MovieApp.WebApi\MovieApp.WebApi.csproj]
C:\Users\waytoounoriginal\source\repos\UBB-SE-2026-927-1\src\MovieApp\MovieApp.WebApi\Endpoints\MovieEndpointsController.cs(46,25): error CS1061: 'MovieRepository' does not contain a definition for 'PurchaseMovie' and no accessible extension method 'PurchaseMovie' accepting a first argument of type 'MovieRepository' could be found (are you missing a using directive or an assembly reference?) [C:\Users\waytoounoriginal\source\repos\UBB-SE-2026-927-1\src\MovieApp\MovieApp.WebApi\MovieApp.WebApi.csproj]
C:\Users\waytoounoriginal\source\repos\UBB-SE-2026-927-1\src\MovieApp\MovieApp.WebApi\Endpoints\PersonalityMatchEndpointsController.cs(44,37): error CS1061: 'PersonalityMatchRepository' does not contain a definition for 'GetUsernameAsync' and no accessible extension method 'GetUsernameAsync' accepting a first argument of type 'PersonalityMatchRepository' could be found (are you missing a using directive or an assembly reference?) [C:\Users\waytoounoriginal\source\repos\UBB-SE-2026-927-1\src\MovieApp\MovieApp.WebApi\MovieApp.WebApi.csproj]
C:\Users\waytoounoriginal\source\repos\UBB-SE-2026-927-1\src\MovieApp\MovieApp.WebApi\Endpoints\PersonalityMatchEndpointsController.cs(50,37): error CS1061: 'PersonalityMatchRepository' does not contain a definition for 'GetTopPreferencesWithTitlesAsync' and no accessible extension method 'GetTopPreferencesWithTitlesAsync' accepting a first argument of type 'PersonalityMatchRepository' could be found (are you missing a using directive or an assembly reference?) [C:\Users\waytoounoriginal\source\repos\UBB-SE-2026-927-1\src\MovieApp\MovieApp.WebApi\MovieApp.WebApi.csproj]
  MovieApp -> C:\Users\waytoounoriginal\source\repos\UBB-SE-2026-927-1\src\MovieApp\MovieApp\bin\x64\Debug\net8.0-windows10.0.19041.0\MovieApp.dll
C:\Program Files\dotnet\sdk\9.0.305\Sdks\Microsoft.NET.Sdk\targets\Microsoft.NET.Publish.targets(217,5): warning NETSDK1198: A publish profile with the name 'win-x64.pubxml' was not found in the project. Set the PublishProfile property to a valid file name. [C:\Users\waytoounoriginal\source\repos\UBB-SE-2026-927-1\src\MovieApp\MovieApp\MovieApp.csproj]

Build FAILED.

C:\Program Files\dotnet\sdk\9.0.305\Sdks\Microsoft.NET.Sdk\targets\Microsoft.NET.Publish.targets(217,5): warning NETSDK1198: A publish profile with the name 'win-x64.pubxml' was not found in the project. Set the PublishProfile property to a valid file name. [C:\Users\waytoounoriginal\source\repos\UBB-SE-2026-927-1\src\MovieApp\MovieApp\MovieApp.csproj]
C:\Users\waytoounoriginal\source\repos\UBB-SE-2026-927-1\src\MovieApp\MovieApp.WebApi\Endpoints\ActiveSalesEndpointsController.cs(26,31): error CS1061: 'ActiveSalesRepository' does not contain a definition for 'GetBestDiscountPercentByMovieId' and no accessible extension method 'GetBestDiscountPercentByMovieId' accepting a first argument of type 'ActiveSalesRepository' could be found (are you missing a using directive or an assembly reference?) [C:\Users\waytoounoriginal\source\repos\UBB-SE-2026-927-1\src\MovieApp\MovieApp.WebApi\MovieApp.WebApi.csproj]
C:\Users\waytoounoriginal\source\repos\UBB-SE-2026-927-1\src\MovieApp\MovieApp.WebApi\Endpoints\InventoryEndpointsController.cs(20,31): error CS1061: 'InventoryRepository' does not contain a definition for 'GetOwnedMovies' and no accessible extension method 'GetOwnedMovies' accepting a first argument of type 'InventoryRepository' could be found (are you missing a using directive or an assembly reference?) [C:\Users\waytoounoriginal\source\repos\UBB-SE-2026-927-1\src\MovieApp\MovieApp.WebApi\MovieApp.WebApi.csproj]
C:\Users\waytoounoriginal\source\repos\UBB-SE-2026-927-1\src\MovieApp\MovieApp.WebApi\Endpoints\EventEndpointsController.cs(20,31): error CS1061: 'EventRepository' does not contain a definition for 'GetAllEvents' and no accessible extension method 'GetAllEvents' accepting a first argument of type 'EventRepository' could be found (are you missing a using directive or an assembly reference?) [C:\Users\waytoounoriginal\source\repos\UBB-SE-2026-927-1\src\MovieApp\MovieApp.WebApi\MovieApp.WebApi.csproj]
C:\Users\waytoounoriginal\source\repos\UBB-SE-2026-927-1\src\MovieApp\MovieApp.WebApi\Endpoints\InventoryEndpointsController.cs(26,21): error CS1061: 'InventoryRepository' does not contain a definition for 'RemoveOwnedMovie' and no accessible extension method 'RemoveOwnedMovie' accepting a first argument of type 'InventoryRepository' could be found (are you missing a using directive or an assembly reference?) [C:\Users\waytoounoriginal\source\repos\UBB-SE-2026-927-1\src\MovieApp\MovieApp.WebApi\MovieApp.WebApi.csproj]
C:\Users\waytoounoriginal\source\repos\UBB-SE-2026-927-1\src\MovieApp\MovieApp.WebApi\Endpoints\EventEndpointsController.cs(26,31): error CS1061: 'EventRepository' does not contain a definition for 'GetEventById' and no accessible extension method 'GetEventById' accepting a first argument of type 'EventRepository' could be found (are you missing a using directive or an assembly reference?) [C:\Users\waytoounoriginal\source\repos\UBB-SE-2026-927-1\src\MovieApp\MovieApp.WebApi\MovieApp.WebApi.csproj]
C:\Users\waytoounoriginal\source\repos\UBB-SE-2026-927-1\src\MovieApp\MovieApp.WebApi\Endpoints\EventEndpointsController.cs(32,31): error CS1061: 'EventRepository' does not contain a definition for 'GetEventsForMovie' and no accessible extension method 'GetEventsForMovie' accepting a first argument of type 'EventRepository' could be found (are you missing a using directive or an assembly reference?) [C:\Users\waytoounoriginal\source\repos\UBB-SE-2026-927-1\src\MovieApp\MovieApp.WebApi\MovieApp.WebApi.csproj]
C:\Users\waytoounoriginal\source\repos\UBB-SE-2026-927-1\src\MovieApp\MovieApp.WebApi\Endpoints\InventoryEndpointsController.cs(33,31): error CS1061: 'InventoryRepository' does not contain a definition for 'GetOwnedTickets' and no accessible extension method 'GetOwnedTickets' accepting a first argument of type 'InventoryRepository' could be found (are you missing a using directive or an assembly reference?) [C:\Users\waytoounoriginal\source\repos\UBB-SE-2026-927-1\src\MovieApp\MovieApp.WebApi\MovieApp.WebApi.csproj]
C:\Users\waytoounoriginal\source\repos\UBB-SE-2026-927-1\src\MovieApp\MovieApp.WebApi\Endpoints\InventoryEndpointsController.cs(39,21): error CS1061: 'InventoryRepository' does not contain a definition for 'RemoveOwnedTicket' and no accessible extension method 'RemoveOwnedTicket' accepting a first argument of type 'InventoryRepository' could be found (are you missing a using directive or an assembly reference?) [C:\Users\waytoounoriginal\source\repos\UBB-SE-2026-927-1\src\MovieApp\MovieApp.WebApi\MovieApp.WebApi.csproj]
C:\Users\waytoounoriginal\source\repos\UBB-SE-2026-927-1\src\MovieApp\MovieApp.WebApi\Endpoints\ProfileEndpointsController.cs(27,37): error CS1061: 'ProfileRepository' does not contain a definition for 'BuildProfileFromInteractionsAsync' and no accessible extension method 'BuildProfileFromInteractionsAsync' accepting a first argument of type 'ProfileRepository' could be found (are you missing a using directive or an assembly reference?) [C:\Users\waytoounoriginal\source\repos\UBB-SE-2026-927-1\src\MovieApp\MovieApp.WebApi\MovieApp.WebApi.csproj]
C:\Users\waytoounoriginal\source\repos\UBB-SE-2026-927-1\src\MovieApp\MovieApp.WebApi\Endpoints\InventoryEndpointsController.cs(46,31): error CS1061: 'InventoryRepository' does not contain a definition for 'GetOwnedEquipment' and no accessible extension method 'GetOwnedEquipment' accepting a first argument of type 'InventoryRepository' could be found (are you missing a using directive or an assembly reference?) [C:\Users\waytoounoriginal\source\repos\UBB-SE-2026-927-1\src\MovieApp\MovieApp.WebApi\MovieApp.WebApi.csproj]
C:\Users\waytoounoriginal\source\repos\UBB-SE-2026-927-1\src\MovieApp\MovieApp.WebApi\Endpoints\ProfileEndpointsController.cs(33,27): error CS1061: 'ProfileRepository' does not contain a definition for 'UpsertProfileAsync' and no accessible extension method 'UpsertProfileAsync' accepting a first argument of type 'ProfileRepository' could be found (are you missing a using directive or an assembly reference?) [C:\Users\waytoounoriginal\source\repos\UBB-SE-2026-927-1\src\MovieApp\MovieApp.WebApi\MovieApp.WebApi.csproj]
C:\Users\waytoounoriginal\source\repos\UBB-SE-2026-927-1\src\MovieApp\MovieApp.WebApi\Endpoints\EventEndpointsController.cs(40,25): error CS1061: 'EventRepository' does not contain a definition for 'PurchaseTicket' and no accessible extension method 'PurchaseTicket' accepting a first argument of type 'EventRepository' could be found (are you missing a using directive or an assembly reference?) [C:\Users\waytoounoriginal\source\repos\UBB-SE-2026-927-1\src\MovieApp\MovieApp.WebApi\MovieApp.WebApi.csproj]
C:\Users\waytoounoriginal\source\repos\UBB-SE-2026-927-1\src\MovieApp\MovieApp.WebApi\Endpoints\ReviewEndpointsController.cs(20,31): error CS1061: 'ReviewRepository' does not contain a definition for 'GetReviewsForMovie' and no accessible extension method 'GetReviewsForMovie' accepting a first argument of type 'ReviewRepository' could be found (are you missing a using directive or an assembly reference?) [C:\Users\waytoounoriginal\source\repos\UBB-SE-2026-927-1\src\MovieApp\MovieApp.WebApi\MovieApp.WebApi.csproj]
C:\Users\waytoounoriginal\source\repos\UBB-SE-2026-927-1\src\MovieApp\MovieApp.WebApi\Endpoints\ReviewEndpointsController.cs(28,25): error CS1061: 'ReviewRepository' does not contain a definition for 'AddReview' and no accessible extension method 'AddReview' accepting a first argument of type 'ReviewRepository' could be found (are you missing a using directive or an assembly reference?) [C:\Users\waytoounoriginal\source\repos\UBB-SE-2026-927-1\src\MovieApp\MovieApp.WebApi\MovieApp.WebApi.csproj]
C:\Users\waytoounoriginal\source\repos\UBB-SE-2026-927-1\src\MovieApp\MovieApp.WebApi\Endpoints\EquipmentEndpointsController.cs(29,25): error CS1061: 'EquipmentRepository' does not contain a definition for 'ListItem' and no accessible extension method 'ListItem' accepting a first argument of type 'EquipmentRepository' could be found (are you missing a using directive or an assembly reference?) [C:\Users\waytoounoriginal\source\repos\UBB-SE-2026-927-1\src\MovieApp\MovieApp.WebApi\MovieApp.WebApi.csproj]
C:\Users\waytoounoriginal\source\repos\UBB-SE-2026-927-1\src\MovieApp\MovieApp.WebApi\Endpoints\ReviewEndpointsController.cs(40,31): error CS1061: 'ReviewRepository' does not contain a definition for 'GetReviewCount' and no accessible extension method 'GetReviewCount' accepting a first argument of type 'ReviewRepository' could be found (are you missing a using directive or an assembly reference?) [C:\Users\waytoounoriginal\source\repos\UBB-SE-2026-927-1\src\MovieApp\MovieApp.WebApi\MovieApp.WebApi.csproj]
C:\Users\waytoounoriginal\source\repos\UBB-SE-2026-927-1\src\MovieApp\MovieApp.WebApi\Endpoints\MovieEndpointsController.cs(20,31): error CS1061: 'MovieRepository' does not contain a definition for 'GetAllMovies' and no accessible extension method 'GetAllMovies' accepting a first argument of type 'MovieRepository' could be found (are you missing a using directive or an assembly reference?) [C:\Users\waytoounoriginal\source\repos\UBB-SE-2026-927-1\src\MovieApp\MovieApp.WebApi\MovieApp.WebApi.csproj]
C:\Users\waytoounoriginal\source\repos\UBB-SE-2026-927-1\src\MovieApp\MovieApp.WebApi\Endpoints\ReviewEndpointsController.cs(46,31): error CS1061: 'ReviewRepository' does not contain a definition for 'GetReviewCounts' and no accessible extension method 'GetReviewCounts' accepting a first argument of type 'ReviewRepository' could be found (are you missing a using directive or an assembly reference?) [C:\Users\waytoounoriginal\source\repos\UBB-SE-2026-927-1\src\MovieApp\MovieApp.WebApi\MovieApp.WebApi.csproj]
C:\Users\waytoounoriginal\source\repos\UBB-SE-2026-927-1\src\MovieApp\MovieApp.WebApi\Endpoints\EquipmentEndpointsController.cs(43,25): error CS1061: 'EquipmentRepository' does not contain a definition for 'PurchaseEquipment' and no accessible extension method 'PurchaseEquipment' accepting a first argument of type 'EquipmentRepository' could be found (are you missing a using directive or an assembly reference?) [C:\Users\waytoounoriginal\source\repos\UBB-SE-2026-927-1\src\MovieApp\MovieApp.WebApi\MovieApp.WebApi.csproj]
C:\Users\waytoounoriginal\source\repos\UBB-SE-2026-927-1\src\MovieApp\MovieApp.WebApi\Endpoints\MovieEndpointsController.cs(26,31): error CS1061: 'MovieRepository' does not contain a definition for 'GetMovieById' and no accessible extension method 'GetMovieById' accepting a first argument of type 'MovieRepository' could be found (are you missing a using directive or an assembly reference?) [C:\Users\waytoounoriginal\source\repos\UBB-SE-2026-927-1\src\MovieApp\MovieApp.WebApi\MovieApp.WebApi.csproj]
C:\Users\waytoounoriginal\source\repos\UBB-SE-2026-927-1\src\MovieApp\MovieApp.WebApi\Endpoints\ReviewEndpointsController.cs(52,31): error CS1061: 'ReviewRepository' does not contain a definition for 'GetStarRatingBuckets' and no accessible extension method 'GetStarRatingBuckets' accepting a first argument of type 'ReviewRepository' could be found (are you missing a using directive or an assembly reference?) [C:\Users\waytoounoriginal\source\repos\UBB-SE-2026-927-1\src\MovieApp\MovieApp.WebApi\MovieApp.WebApi.csproj]
C:\Users\waytoounoriginal\source\repos\UBB-SE-2026-927-1\src\MovieApp\MovieApp.WebApi\Endpoints\MovieEndpointsController.cs(32,37): error CS1061: 'MovieRepository' does not contain a definition for 'SearchTop10MoviesAsync' and no accessible extension method 'SearchTop10MoviesAsync' accepting a first argument of type 'MovieRepository' could be found (are you missing a using directive or an assembly reference?) [C:\Users\waytoounoriginal\source\repos\UBB-SE-2026-927-1\src\MovieApp\MovieApp.WebApi\MovieApp.WebApi.csproj]
C:\Users\waytoounoriginal\source\repos\UBB-SE-2026-927-1\src\MovieApp\MovieApp.WebApi\Endpoints\MovieEndpointsController.cs(38,31): error CS1061: 'MovieRepository' does not contain a definition for 'UserOwnsMovie' and no accessible extension method 'UserOwnsMovie' accepting a first argument of type 'MovieRepository' could be found (are you missing a using directive or an assembly reference?) [C:\Users\waytoounoriginal\source\repos\UBB-SE-2026-927-1\src\MovieApp\MovieApp.WebApi\MovieApp.WebApi.csproj]
C:\Users\waytoounoriginal\source\repos\UBB-SE-2026-927-1\src\MovieApp\MovieApp.WebApi\Endpoints\MovieEndpointsController.cs(46,25): error CS1061: 'MovieRepository' does not contain a definition for 'PurchaseMovie' and no accessible extension method 'PurchaseMovie' accepting a first argument of type 'MovieRepository' could be found (are you missing a using directive or an assembly reference?) [C:\Users\waytoounoriginal\source\repos\UBB-SE-2026-927-1\src\MovieApp\MovieApp.WebApi\MovieApp.WebApi.csproj]
C:\Users\waytoounoriginal\source\repos\UBB-SE-2026-927-1\src\MovieApp\MovieApp.WebApi\Endpoints\PersonalityMatchEndpointsController.cs(44,37): error CS1061: 'PersonalityMatchRepository' does not contain a definition for 'GetUsernameAsync' and no accessible extension method 'GetUsernameAsync' accepting a first argument of type 'PersonalityMatchRepository' could be found (are you missing a using directive or an assembly reference?) [C:\Users\waytoounoriginal\source\repos\UBB-SE-2026-927-1\src\MovieApp\MovieApp.WebApi\MovieApp.WebApi.csproj]
C:\Users\waytoounoriginal\source\repos\UBB-SE-2026-927-1\src\MovieApp\MovieApp.WebApi\Endpoints\PersonalityMatchEndpointsController.cs(50,37): error CS1061: 'PersonalityMatchRepository' does not contain a definition for 'GetTopPreferencesWithTitlesAsync' and no accessible extension method 'GetTopPreferencesWithTitlesAsync' accepting a first argument of type 'PersonalityMatchRepository' could be found (are you missing a using directive or an assembly reference?) [C:\Users\waytoounoriginal\source\repos\UBB-SE-2026-927-1\src\MovieApp\MovieApp.WebApi\MovieApp.WebApi.csproj]
    1 Warning(s)
    26 Error(s)

Time Elapsed 00:00:02.82

Workload updates are available. Run `dotnet workload list` for more information.
